
[1m[46m RUN [49m[22m [36mv4.0.18 [39m[90mC:/Users/maste/OneDrive/Documents/Skcet/Projects/Smart Traffic/frontend[39m

[31m⎯⎯⎯⎯⎯⎯[39m[1m[41m Unhandled Errors [49m[22m[31m⎯⎯⎯⎯⎯⎯[39m
[31m[1m
Vitest caught 1 unhandled error during the test run.
This might cause false positive tests. Resolve unhandled errors to make sure your tests are not affected.[22m[39m

[31m⎯⎯⎯⎯⎯⎯[39m[1m[41m Unhandled Error [49m[22m[31m⎯⎯⎯⎯⎯⎯⎯[39m
[31m[1mError[22m: [vitest-pool]: Failed to start forks worker for test files C:/Users/maste/OneDrive/Documents/Skcet/Projects/Smart Traffic/frontend/src/App.test.jsx.[39m
[90m [2m❯[22m ../../Smart%20Traffic/frontend/node_modules/vitest/dist/chunks/cli-api.B7PN_QUv.js:[2m8046:94[22m[39m
[90m [2m❯[22m processTicksAndRejections node:internal/process/task_queues:[2m95:5[22m[39m
[90m [2m❯[22m Pool.schedule ../../Smart%20Traffic/frontend/node_modules/vitest/dist/chunks/cli-api.B7PN_QUv.js:[2m8046:5[22m[39m

[31m[1mCaused by: Error[22m: require() of ES Module C:\Users\maste\OneDrive\Documents\Skcet\Projects\Smart Traffic\frontend\node_modules\@exodus\bytes\encoding-lite.js from C:\Users\maste\OneDrive\Documents\Skcet\Projects\Smart Traffic\frontend\node_modules\html-encoding-sniffer\lib\html-encoding-sniffer.js not supported.
Instead change the require of encoding-lite.js in C:\Users\maste\OneDrive\Documents\Skcet\Projects\Smart Traffic\frontend\node_modules\html-encoding-sniffer\lib\html-encoding-sniffer.js to a dynamic import() which is available in all CommonJS modules.[39m
[90m [2m❯[22m Object.<anonymous> node_modules/html-encoding-sniffer/lib/html-encoding-sniffer.js:[2m2:41[22m[39m

[31m[2m⎯⎯⎯⎯⎯⎯⎯⎯⎯⎯⎯⎯⎯⎯⎯⎯⎯⎯⎯⎯⎯⎯⎯⎯⎯⎯⎯⎯⎯⎯[22m[39m
[31m[1mSerialized Error:[22m[39m [90m{ code: 'ERR_REQUIRE_ESM' }[39m
[31m⎯⎯⎯⎯⎯⎯⎯⎯⎯⎯⎯⎯⎯⎯⎯⎯⎯⎯⎯⎯⎯⎯⎯⎯⎯⎯⎯⎯⎯⎯[39m


[2m Test Files [22m [2mno tests[22m
[2m      Tests [22m [2mno tests[22m
[2m     Errors [22m [1m[31m1 error[39m[22m
[2m   Start at [22m 12:18:02
[2m   Duration [22m 521ms[2m (transform 0ms, setup 0ms, import 0ms, tests 0ms, environment 0ms)[22m

